▲ Next.js 16.2.4 (Turbopack)
- Local:         http://localhost:3001
- Network:       http://100.89.45.23:3001
- Environments: .env.local, .env
✓ Ready in 9.1s
- Experiments (use with caution):
  · clientTraceMetadata

 GET / 200 in 302ms (next.js: 115ms, proxy.ts: 8ms, application-code: 180ms)
 GET / 200 in 118ms (next.js: 10ms, proxy.ts: 6ms, application-code: 102ms)
 GET /adapt 404 in 138ms (next.js: 83ms, proxy.ts: 9ms, application-code: 46ms)
 GET / 200 in 48ms (next.js: 7ms, proxy.ts: 5ms, application-code: 36ms)
 GET /adapt 404 in 50ms (next.js: 16ms, proxy.ts: 3ms, application-code: 31ms)
 GET /write 404 in 79ms (next.js: 38ms, proxy.ts: 4ms, application-code: 37ms)
 GET /develop 404 in 62ms (next.js: 28ms, proxy.ts: 3ms, application-code: 31ms)
 GET /review 404 in 57ms (next.js: 24ms, proxy.ts: 3ms, application-code: 30ms)
 GET /osmu 404 in 79ms (next.js: 41ms, proxy.ts: 3ms, application-code: 35ms)
▲ Next.js 16.2.4 (Turbopack)
- Local:         http://localhost:3001
- Network:       http://100.89.45.23:3001
- Environments: .env.local, .env
✓ Ready in 836ms
- Experiments (use with caution):
  · clientTraceMetadata

